2026-09-25 21:06:52  INFO      =================================================================
2026-09-25 21:06:52  INFO      NYC TLC Zone Delay Analysis Pipeline
2026-09-25 21:06:52  INFO      Processing : 2026-06
2026-09-25 21:06:52  INFO      Output dir : output\2026-06
2026-09-25 21:06:52  INFO      =================================================================
2026-09-25 21:06:52  INFO      [Retrieval-1] --skip-download: using existing raw files in raw
2026-09-25 21:06:52  INFO      [Load] Reading trip data from raw\yellow_tripdata_2026-06.parquet
2026-09-25 21:06:52  INFO      [Load] Raw trip rows: 3837248
2026-09-25 21:06:52  INFO      [Retrieval-2] Loading zone lookup into SQLite: raw\taxi_zone_lookup.csv
2026-09-25 21:06:52  INFO      [Retrieval-2] Zone lookup: 265 rows returned via SQL
2026-09-25 21:06:52  INFO      [Completeness] Checking retrieval completeness for 2026-06
2026-09-25 21:06:52  INFO      [Completeness] 3837231 / 3837248 rows (100.00%) have pickup in 2026-06
2026-09-25 21:06:52  INFO      [Completeness] Pickup date range: 2008-12-31 to 2026-06-30
2026-09-25 21:06:52  INFO      [Completeness] PASSED (100.00% in target month)
2026-09-25 21:06:52  INFO      [Validate] Applying validation rules to 3837248 rows
2026-09-25 21:06:52  INFO      [Validate]   Pickup outside target month                         17 failures
2026-09-25 21:06:52  INFO      [Validate]   Dropoff not after pickup (zero/negative duration)   49807 failures
2026-09-25 21:06:52  INFO      [Validate]   Zero or negative trip distance                      128106 failures
2026-09-25 21:06:52  INFO      [Validate]   PULocationID not in zone lookup                     0 failures
2026-09-25 21:06:52  INFO      [Validate]   DOLocationID not in zone lookup                     0 failures
2026-09-25 21:06:52  INFO      [Validate] Core valid trip rate: 3660475 / 3837248  (95.39%)
2026-09-25 21:06:53  INFO      [Enrich] Analytical filter (total_amount > 0): removed 12932 rows, 3647543 remain
2026-09-25 21:06:55  INFO      [Enrich] Unknown pickup zones: 3654
2026-09-25 21:06:55  INFO      [Enrich] Unknown drop-off zones: 3389
2026-09-25 21:06:55  INFO      [Enrich] Final analytical rows: 3647543
2026-09-25 21:06:55  INFO      [Metrics] Calculating KPIs
2026-09-25 21:06:56  INFO      [Metrics] Citywide non-airport median trip duration: 13.60 min
2026-09-25 21:06:57  INFO      [Metrics] Zone KPI table: 79 qualifying zones (>= 3000 trips)
2026-09-25 21:06:57  INFO      [Metrics] Highest delay zone: East Elmhurst (2.36╫)
2026-09-25 21:07:03  INFO      [Assert] Running pipeline integrity checks
2026-09-25 21:07:07  INFO      [Assert] All 7 assertions PASSED
2026-09-25 21:07:07  WARNING   [Save] Output directory output\2026-06 already exists ù files will be overwritten
2026-09-25 21:07:11  INFO      [Save] final_trips.parquet  (91771226 bytes)
2026-09-25 21:07:11  INFO      [Save] hourly_metrics.csv  (956 bytes)
2026-09-25 21:07:11  INFO      [Save] zone_kpi.csv  (6785 bytes)
2026-09-25 21:07:11  INFO      [Save] final_kpis.csv  (397 bytes)
2026-09-25 21:07:11  INFO      [Save] quality_audit.csv  (235 bytes)
2026-09-25 21:07:11  INFO      =================================================================
2026-09-25 21:07:11  INFO      Pipeline completed successfully ù 2026-06
2026-09-25 21:07:11  INFO      Raw rows              : 3837248
2026-09-25 21:07:11  INFO      Validated rows        : 3660475  (95.39%)
2026-09-25 21:07:11  INFO      Final analytical rows : 3647543  (95.06%)
2026-09-25 21:07:11  INFO      Zone Delay Index ù top zone: East Elmhurst  2.36╫
2026-09-25 21:07:11  INFO      Outputs saved to      : output\2026-06
2026-09-25 21:07:11  INFO      =================================================================
